// Jest Snapshot v1, https://goo.gl/fbAQLP

exports[`DatabaseStackTest should match snapshot 1`] = `
Object {
  "Parameters": Object {
    "BootstrapVersion": Object {
      "Default": "/cdk-bootstrap/hnb659fds/version",
      "Description": "Version of the CDK Bootstrap resources in this environment, automatically retrieved from SSM Parameter Store. [cdk:skip]",
      "Type": "AWS::SSM::Parameter::Value<String>",
    },
  },
  "Resources": Object {
    "Connections827CEF2F": Object {
      "DeletionPolicy": "Delete",
      "Properties": Object {
        "AttributeDefinitions": Array [
          Object {
            "AttributeName": "connectionId",
            "AttributeType": "S",
          },
        ],
        "BillingMode": "PAY_PER_REQUEST",
        "KeySchema": Array [
          Object {
            "AttributeName": "connectionId",
            "KeyType": "HASH",
          },
        ],
        "PointInTimeRecoverySpecification": Object {
          "PointInTimeRecoveryEnabled": false,
        },
        "SSESpecification": Object {
          "SSEEnabled": true,
        },
      },
      "Type": "AWS::DynamoDB::Table",
      "UpdateReplacePolicy": "Delete",
    },
    "serverlesschatchannels532BEFF0": Object {
      "DeletionPolicy": "Delete",
      "Properties": Object {
        "AttributeDefinitions": Array [
          Object {
            "AttributeName": "id",
            "AttributeType": "S",
          },
        ],
        "BillingMode": "PAY_PER_REQUEST",
        "KeySchema": Array [
          Object {
            "AttributeName": "id",
            "KeyType": "HASH",
          },
        ],
        "PointInTimeRecoverySpecification": Object {
          "PointInTimeRecoveryEnabled": false,
        },
        "SSESpecification": Object {
          "SSEEnabled": true,
        },
        "TableName": "serverless-chat-channels",
      },
      "Type": "AWS::DynamoDB::Table",
      "UpdateReplacePolicy": "Delete",
    },
    "serverlesschatmessagesE16DD81A": Object {
      "DeletionPolicy": "Delete",
      "Properties": Object {
        "AttributeDefinitions": Array [
          Object {
            "AttributeName": "channelId",
            "AttributeType": "S",
          },
          Object {
            "AttributeName": "sentAt",
            "AttributeType": "S",
          },
        ],
        "BillingMode": "PAY_PER_REQUEST",
        "KeySchema": Array [
          Object {
            "AttributeName": "channelId",
            "KeyType": "HASH",
          },
          Object {
            "AttributeName": "sentAt",
            "KeyType": "RANGE",
          },
        ],
        "PointInTimeRecoverySpecification": Object {
          "PointInTimeRecoveryEnabled": false,
        },
        "SSESpecification": Object {
          "SSEEnabled": true,
        },
        "TableName": "serverless-chat-messages",
      },
      "Type": "AWS::DynamoDB::Table",
      "UpdateReplacePolicy": "Delete",
    },
  },
  "Rules": Object {
    "CheckBootstrapVersion": Object {
      "Assertions": Array [
        Object {
          "Assert": Object {
            "Fn::Not": Array [
              Object {
                "Fn::Contains": Array [
                  Array [
                    "1",
                    "2",
                    "3",
                    "4",
                    "5",
                  ],
                  Object {
                    "Ref": "BootstrapVersion",
                  },
                ],
              },
            ],
          },
          "AssertDescription": "CDK bootstrap stack version 6 required. Please run 'cdk bootstrap' with a recent version of the CDK CLI.",
        },
      ],
    },
  },
}
`;
